log4j-api  2.24.1
log4j-core 2.24.1
java       17.0.14

2026-08-05T23:08:52.672605Z org.apache.logging.repro.Main.main() ERROR An exception occurred processing Appender Csv java.lang.NullPointerException: Cannot read the array length because "values" is null
	at org.apache.commons.csv.CSVFormat.printRecord(CSVFormat.java:2265)
	at org.apache.logging.log4j.core.layout.CsvParameterLayout.toSerializable(CsvParameterLayout.java:98)
	at org.apache.logging.log4j.core.layout.CsvParameterLayout.toSerializable(CsvParameterLayout.java:49)
	at org.apache.logging.log4j.core.layout.AbstractStringLayout.toByteArray(AbstractStringLayout.java:295)
	at org.apache.logging.log4j.core.layout.AbstractLayout.encode(AbstractLayout.java:207)
	at org.apache.logging.log4j.core.layout.AbstractLayout.encode(AbstractLayout.java:36)
	at org.apache.logging.log4j.core.appender.AbstractOutputStreamAppender.directEncodeEvent(AbstractOutputStreamAppender.java:227)
	at org.apache.logging.log4j.core.appender.AbstractOutputStreamAppender.tryAppend(AbstractOutputStreamAppender.java:220)
	at org.apache.logging.log4j.core.appender.AbstractOutputStreamAppender.append(AbstractOutputStreamAppender.java:211)
	at org.apache.logging.log4j.core.config.AppenderControl.tryCallAppender(AppenderControl.java:160)
	at org.apache.logging.log4j.core.config.AppenderControl.callAppender0(AppenderControl.java:133)
	at org.apache.logging.log4j.core.config.AppenderControl.callAppenderPreventRecursion(AppenderControl.java:124)
	at org.apache.logging.log4j.core.config.AppenderControl.callAppender(AppenderControl.java:88)
	at org.apache.logging.log4j.core.config.LoggerConfig.callAppenders(LoggerConfig.java:714)
	at org.apache.logging.log4j.core.config.LoggerConfig.processLogEvent(LoggerConfig.java:672)
	at org.apache.logging.log4j.core.config.LoggerConfig.log(LoggerConfig.java:648)
	at org.apache.logging.log4j.core.config.LoggerConfig.log(LoggerConfig.java:584)
	at org.apache.logging.log4j.core.config.AwaitCompletionReliabilityStrategy.log(AwaitCompletionReliabilityStrategy.java:92)
	at org.apache.logging.log4j.core.Logger.log(Logger.java:240)
	at org.apache.logging.log4j.spi.AbstractLogger.tryLogMessage(AbstractLogger.java:2904)
	at org.apache.logging.log4j.spi.AbstractLogger.logMessageTrackRecursion(AbstractLogger.java:2857)
	at org.apache.logging.log4j.spi.AbstractLogger.logMessageSafely(AbstractLogger.java:2839)
	at org.apache.logging.log4j.spi.AbstractLogger.logIfEnabled(AbstractLogger.java:2315)
	at org.apache.logging.log4j.spi.AbstractLogger.info(AbstractLogger.java:1538)
	at org.apache.logging.repro.MessageScenario.run(MessageScenario.java:42)
	at org.apache.logging.repro.Main.main(Main.java:17)
	at org.codehaus.mojo.exec.ExecJavaMojo.doMain(ExecJavaMojo.java:375)
	at org.codehaus.mojo.exec.ExecJavaMojo.doExec(ExecJavaMojo.java:364)
	at org.codehaus.mojo.exec.ExecJavaMojo.lambda$execute$0(ExecJavaMojo.java:286)
	at java.base/java.lang.Thread.run(Thread.java:840)

INFO SimpleMessage — no formatting at all
INFO ParameterizedMessage — user alice placed order 4711 for £20.00
INFO ParameterizedMessage — explicit, one and two
INFO StringFormattedMessage — bob scored 91.50%
INFO MessageFormatMessage — job-7 retried 3 times
INFO FormattedMessage — %s then printf-wins
INFO {kind=ObjectMessage, answer=42}
INFO cartValue="89.90" currency="GBP" event="checkout"
INFO amountMinor="8990" event="payment" settled="true"
INFO audit [order-4711 channel="web" customer="alice"] order accepted
INFO Fluent API — LogBuilder with location capture

Completed without error.
