log4j-api  2.25.5
log4j-core 2.25.5
java       17.0.14


Rollover result under /Users/ramanathan/apache/log4j2-workout/repros/pr-4234/log4j-pr-4234-repro/logs
  18 file(s): 15 compressed, 3 uncompressed
    repro-zstd-level/zip-level-zero/app-1.log.zip                  8393 bytes  2026-08-09T07:01:04.770575627Z
    repro-zstd-level/zip-level-zero/app-2.log.zip                  8393 bytes  2026-08-09T07:01:04.773688514Z
    repro-zstd-level/zip-level-zero/app-3.log.zip                  8393 bytes  2026-08-09T07:01:04.775977648Z
    repro-zstd-level/zip-level-zero/app-4.log.zip                  8393 bytes  2026-08-09T07:01:04.778237532Z
    repro-zstd-level/zip-level-zero/app-5.log.zip                  8393 bytes  2026-08-09T07:01:04.780580083Z
    repro-zstd-level/zip-level-zero/app.log                        7318 bytes  2026-08-09T07:01:04.834423500Z
    repro-zstd-level/zstd-default/app-1.log.zst                     198 bytes  2026-08-09T07:01:04.769565707Z
    repro-zstd-level/zstd-default/app-2.log.zst                     199 bytes  2026-08-09T07:01:04.772708427Z
    repro-zstd-level/zstd-default/app-3.log.zst                     199 bytes  2026-08-09T07:01:04.774880477Z
    repro-zstd-level/zstd-default/app-4.log.zst                     199 bytes  2026-08-09T07:01:04.777201736Z
    repro-zstd-level/zstd-default/app-5.log.zst                     201 bytes  2026-08-09T07:01:04.779504787Z
    repro-zstd-level/zstd-default/app.log                          7318 bytes  2026-08-09T07:01:04.834391417Z
    repro-zstd-level/zstd-level-zero/app-1.log.zst                  198 bytes  2026-08-09T07:01:04.769022621Z
    repro-zstd-level/zstd-level-zero/app-2.log.zst                  199 bytes  2026-08-09T07:01:04.771275505Z
    repro-zstd-level/zstd-level-zero/app-3.log.zst                  199 bytes  2026-08-09T07:01:04.774302850Z
    repro-zstd-level/zstd-level-zero/app-4.log.zst                  199 bytes  2026-08-09T07:01:04.776600651Z
    repro-zstd-level/zstd-level-zero/app-5.log.zst                  201 bytes  2026-08-09T07:01:04.779011993Z
    repro-zstd-level/zstd-level-zero/app.log                       7318 bytes  2026-08-09T07:01:04.834367667Z

Completed without error.
