log4j-api  2.26.0
log4j-core 2.26.0
java       17.0.14


Rollover result under /Users/ramanathan/apache/log4j2-workout/repros/pr-4234/log4j-pr-4234-repro/logs
  18 file(s): 15 compressed, 3 uncompressed
    repro-zstd-level/zip-level-zero/app-1.log.zip                  8393 bytes  2026-08-09T07:01:14.605135638Z
    repro-zstd-level/zip-level-zero/app-2.log.zip                  8393 bytes  2026-08-09T07:01:14.606986853Z
    repro-zstd-level/zip-level-zero/app-3.log.zip                  8393 bytes  2026-08-09T07:01:14.608785860Z
    repro-zstd-level/zip-level-zero/app-4.log.zip                  8393 bytes  2026-08-09T07:01:14.610617326Z
    repro-zstd-level/zip-level-zero/app-5.log.zip                  8393 bytes  2026-08-09T07:01:14.612809293Z
    repro-zstd-level/zip-level-zero/app.log                        2674 bytes  2026-08-09T07:01:14.667773798Z
    repro-zstd-level/zstd-default/app-1.log.zst                     198 bytes  2026-08-09T07:01:14.604220051Z
    repro-zstd-level/zstd-default/app-2.log.zst                     201 bytes  2026-08-09T07:01:14.606157225Z
    repro-zstd-level/zstd-default/app-3.log.zst                     201 bytes  2026-08-09T07:01:14.608023899Z
    repro-zstd-level/zstd-default/app-4.log.zst                     198 bytes  2026-08-09T07:01:14.609817364Z
    repro-zstd-level/zstd-default/app-5.log.zst                     199 bytes  2026-08-09T07:01:14.612009873Z
    repro-zstd-level/zstd-default/app.log                          2674 bytes  2026-08-09T07:01:14.667739339Z
    repro-zstd-level/zstd-level-zero/app-1.log.zst                  198 bytes  2026-08-09T07:01:14.603583798Z
    repro-zstd-level/zstd-level-zero/app-2.log.zst                  201 bytes  2026-08-09T07:01:14.605706140Z
    repro-zstd-level/zstd-level-zero/app-3.log.zst                  201 bytes  2026-08-09T07:01:14.607535564Z
    repro-zstd-level/zstd-level-zero/app-4.log.zst                  198 bytes  2026-08-09T07:01:14.609363737Z
    repro-zstd-level/zstd-level-zero/app-5.log.zst                  199 bytes  2026-08-09T07:01:14.611210620Z
    repro-zstd-level/zstd-level-zero/app.log                       2674 bytes  2026-08-09T07:01:14.667714631Z

Completed without error.
