log4j-api  2.26.1
log4j-core 2.26.1
java       17.0.14


Rollover result under /Users/ramanathan/apache/log4j2-workout/repros/pr-4234/log4j-pr-4234-repro/logs
  18 file(s): 15 compressed, 3 uncompressed
    repro-zstd-level/zip-level-zero/app-1.log.zip                  8393 bytes  2026-08-09T07:01:24.750548273Z
    repro-zstd-level/zip-level-zero/app-2.log.zip                  8393 bytes  2026-08-09T07:01:24.753198700Z
    repro-zstd-level/zip-level-zero/app-3.log.zip                  8393 bytes  2026-08-09T07:01:24.756479046Z
    repro-zstd-level/zip-level-zero/app-4.log.zip                  8393 bytes  2026-08-09T07:01:24.766366168Z
    repro-zstd-level/zip-level-zero/app-5.log.zip                  8393 bytes  2026-08-09T07:01:24.769576181Z
    repro-zstd-level/zip-level-zero/app.log                        6286 bytes  2026-08-09T07:01:24.821498966Z
    repro-zstd-level/zstd-default/app-1.log.zst                     201 bytes  2026-08-09T07:01:24.749609395Z
    repro-zstd-level/zstd-default/app-2.log.zst                     202 bytes  2026-08-09T07:01:24.752289072Z
    repro-zstd-level/zstd-default/app-3.log.zst                     201 bytes  2026-08-09T07:01:24.755469167Z
    repro-zstd-level/zstd-default/app-4.log.zst                     198 bytes  2026-08-09T07:01:24.763795116Z
    repro-zstd-level/zstd-default/app-5.log.zst                     199 bytes  2026-08-09T07:01:24.768081258Z
    repro-zstd-level/zstd-default/app.log                          6286 bytes  2026-08-09T07:01:24.821480007Z
    repro-zstd-level/zstd-level-zero/app-1.log.zst                  201 bytes  2026-08-09T07:01:24.747872055Z
    repro-zstd-level/zstd-level-zero/app-2.log.zst                  202 bytes  2026-08-09T07:01:24.751533360Z
    repro-zstd-level/zstd-level-zero/app-3.log.zst                  201 bytes  2026-08-09T07:01:24.754865582Z
    repro-zstd-level/zstd-level-zero/app-4.log.zst                  198 bytes  2026-08-09T07:01:24.762885863Z
    repro-zstd-level/zstd-level-zero/app-5.log.zst                  199 bytes  2026-08-09T07:01:24.767275547Z
    repro-zstd-level/zstd-level-zero/app.log                       6286 bytes  2026-08-09T07:01:24.821416924Z

Completed without error.
